// Bun Snapshot v1, https://bun.sh/docs/test/snapshots

exports[`getKanji returns enriched kanji for known id (校, id=658) 1`] = `
{
  "amalgamationSubjectIds": [
    2950,
    2951,
    3469,
    3473,
    3474,
    8428,
    8711,
  ],
  "auxiliaryMeanings": [],
  "characters": "校",
  "componentRadicals": [
    {
      "amalgamationSubjectIds": [
        478,
        542,
        554,
        600,
        649,
        658,
        693,
        704,
        730,
        750,
        754,
        768,
        770,
        817,
        831,
        840,
        857,
        861,
        865,
        866,
        879,
        880,
        909,
        911,
        920,
        957,
        972,
        983,
        1006,
        1007,
        1051,
        1054,
        1069,
        1086,
        1090,
        1102,
        1130,
        1134,
        1143,
        1145,
        1163,
        1172,
        1247,
        1263,
        1264,
        1296,
        1340,
        1380,
        1399,
        1432,
        1457,
        1469,
        1477,
        1484,
        1485,
        1494,
        1509,
        1512,
        1574,
        1596,
        1626,
        1716,
        1731,
        1745,
        1782,
        1810,
        1820,
        1821,
        1823,
        1859,
        1864,
        1879,
        1889,
        1900,
        1921,
        1929,
        1945,
        1948,
        1952,
        1976,
        1983,
        2020,
        2028,
        2036,
        2057,
        2064,
        2069,
        2075,
        2090,
        2124,
        2149,
        2234,
        2251,
        2257,
        2259,
        2264,
        2265,
        2289,
        2322,
        2329,
        2334,
        2360,
        2375,
        2379,
        2383,
        2393,
        2410,
        2418,
        2433,
        2453,
        2458,
        8861,
        8910,
        8965,
      ],
      "auxiliaryMeanings": [],
      "characterImages": [
        {
          "content_type": "image/png",
          "metadata": {
            "color": "#000000",
            "dimensions": "1024x1024",
            "style_name": "original",
          },
          "url": "https://files.wanikani.com/4872w5259nwmb9hqdk67rhtbpaez",
        },
        {
          "content_type": "image/png",
          "metadata": {
            "color": "#000000",
            "dimensions": "1024x1024",
            "style_name": "1024px",
          },
          "url": "https://files.wanikani.com/pokquh0s8auoxz1tkfr4biertk4l",
        },
        {
          "content_type": "image/png",
          "metadata": {
            "color": "#000000",
            "dimensions": "512x512",
            "style_name": "512px",
          },
          "url": "https://files.wanikani.com/al6apne66xikpx7l7qec81ssn39h",
        },
        {
          "content_type": "image/png",
          "metadata": {
            "color": "#000000",
            "dimensions": "256x256",
            "style_name": "256px",
          },
          "url": "https://files.wanikani.com/e1gwa6rzz5njmzkscy22zh2vwtfo",
        },
        {
          "content_type": "image/png",
          "metadata": {
            "color": "#000000",
            "dimensions": "128x128",
            "style_name": "128px",
          },
          "url": "https://files.wanikani.com/r2itsemq9hubfrfeq4dhom2394n7",
        },
        {
          "content_type": "image/png",
          "metadata": {
            "color": "#000000",
            "dimensions": "64x64",
            "style_name": "64px",
          },
          "url": "https://files.wanikani.com/dm0c87mhbe4rjftpbd19xkhx9nfs",
        },
        {
          "content_type": "image/png",
          "metadata": {
            "color": "#000000",
            "dimensions": "32x32",
            "style_name": "32px",
          },
          "url": "https://files.wanikani.com/wlhem9rtsp5xv0krl1jk7z1ehrvj",
        },
        {
          "content_type": "image/svg+xml",
          "metadata": {
            "inline_styles": true,
          },
          "url": "https://files.wanikani.com/91cenuzy39nfts76s124yjfl32el",
        },
      ],
      "characters": "木",
      "documentUrl": "https://www.wanikani.com/radicals/tree",
      "foundInKanji": [
        {
          "characters": "木",
          "id": 478,
          "meaning": "Tree",
          "reading": "もく",
        },
        {
          "characters": "休",
          "id": 542,
          "meaning": "Rest",
          "reading": "きゅう",
        },
        {
          "characters": "村",
          "id": 554,
          "meaning": "Village",
          "reading": "むら",
        },
        {
          "characters": "林",
          "id": 600,
          "meaning": "Forest",
          "reading": "はやし",
        },
        {
          "characters": "札",
          "id": 649,
          "meaning": "Bill",
          "reading": "さつ",
        },
        {
          "characters": "校",
          "id": 658,
          "meaning": "School",
          "reading": "こう",
        },
        {
          "characters": "森",
          "id": 693,
          "meaning": "Forest",
          "reading": "もり",
        },
        {
          "characters": "楽",
          "id": 704,
          "meaning": "Comfort",
          "reading": "らく",
        },
        {
          "characters": "相",
          "id": 730,
          "meaning": "Mutual",
          "reading": "そう",
        },
        {
          "characters": "葉",
          "id": 750,
          "meaning": "Leaf",
          "reading": "は",
        },
        {
          "characters": "集",
          "id": 754,
          "meaning": "Collect",
          "reading": "しゅう",
        },
        {
          "characters": "横",
          "id": 768,
          "meaning": "Side",
          "reading": "よこ",
        },
        {
          "characters": "親",
          "id": 770,
          "meaning": "Parent",
          "reading": "しん",
        },
        {
          "characters": "根",
          "id": 817,
          "meaning": "Root",
          "reading": "こん",
        },
        {
          "characters": "深",
          "id": 831,
          "meaning": "Deep",
          "reading": "しん",
        },
        {
          "characters": "植",
          "id": 840,
          "meaning": "Plant",
          "reading": "しょく",
        },
        {
          "characters": "新",
          "id": 857,
          "meaning": "New",
          "reading": "しん",
        },
        {
          "characters": "想",
          "id": 861,
          "meaning": "Imagine",
          "reading": "そう",
        },
        {
          "characters": "様",
          "id": 865,
          "meaning": "Formal Name Ender",
          "reading": "さま",
        },
        {
          "characters": "橋",
          "id": 866,
          "meaning": "Bridge",
          "reading": "はし",
        },
        {
          "characters": "標",
          "id": 879,
          "meaning": "Signpost",
          "reading": "ひょう",
        },
        {
          "characters": "殺",
          "id": 880,
          "meaning": "Kill",
          "reading": "さつ",
        },
        {
          "characters": "材",
          "id": 909,
          "meaning": "Lumber",
          "reading": "ざい",
        },
        {
          "characters": "松",
          "id": 911,
          "meaning": "Pine",
          "reading": "まつ",
        },
        {
          "characters": "格",
          "id": 920,
          "meaning": "Status",
          "reading": "かく",
        },
        {
          "characters": "築",
          "id": 957,
          "meaning": "Construct",
          "reading": "ちく",
        },
        {
          "characters": "箱",
          "id": 972,
          "meaning": "Box",
          "reading": "はこ",
        },
        {
          "characters": "保",
          "id": 983,
          "meaning": "Preserve",
          "reading": "ほ",
        },
        {
          "characters": "栄",
          "id": 1006,
          "meaning": "Prosper",
          "reading": "えい",
        },
        {
          "characters": "梅",
          "id": 1007,
          "meaning": "Ume",
          "reading": "うめ",
        },
        {
          "characters": "枚",
          "id": 1051,
          "meaning": "Flat Object Counter",
          "reading": "まい",
        },
        {
          "characters": "禁",
          "id": 1054,
          "meaning": "Prohibit",
          "reading": "きん",
        },
        {
          "characters": "歴",
          "id": 1069,
          "meaning": "Continuation",
          "reading": "れき",
        },
        {
          "characters": "困",
          "id": 1086,
          "meaning": "Distressed",
          "reading": "こん",
        },
        {
          "characters": "機",
          "id": 1090,
          "meaning": "Machine",
          "reading": "き",
        },
        {
          "characters": "械",
          "id": 1102,
          "meaning": "Contraption",
          "reading": "かい",
        },
        {
          "characters": "査",
          "id": 1130,
          "meaning": "Inspect",
          "reading": "さ",
        },
        {
          "characters": "権",
          "id": 1134,
          "meaning": "Rights",
          "reading": "けん",
        },
        {
          "characters": "検",
          "id": 1143,
          "meaning": "Examine",
          "reading": "けん",
        },
        {
          "characters": "条",
          "id": 1145,
          "meaning": "Clause",
          "reading": "じょう",
        },
        {
          "characters": "案",
          "id": 1163,
          "meaning": "Plan",
          "reading": "あん",
        },
        {
          "characters": "策",
          "id": 1172,
          "meaning": "Plan",
          "reading": "さく",
        },
        {
          "characters": "株",
          "id": 1247,
          "meaning": "Stock",
          "reading": "かぶ",
        },
        {
          "characters": "構",
          "id": 1263,
          "meaning": "Set Up",
          "reading": "こう",
        },
        {
          "characters": "模",
          "id": 1264,
          "meaning": "Imitation",
          "reading": "も",
        },
        {
          "characters": "刺",
          "id": 1296,
          "meaning": "Stab",
          "reading": "さ",
        },
        {
          "characters": "極",
          "id": 1340,
          "meaning": "Extreme",
          "reading": "きょく",
        },
        {
          "characters": "杯",
          "id": 1380,
          "meaning": "Cup Of Liquid",
          "reading": "はい",
        },
        {
          "characters": "板",
          "id": 1399,
          "meaning": "Board",
          "reading": "ばん",
        },
        {
          "characters": "枕",
          "id": 1432,
          "meaning": "Pillow",
          "reading": "まくら",
        },
        {
          "characters": "棒",
          "id": 1457,
          "meaning": "Pole",
          "reading": "ぼう",
        },
        {
          "characters": "菜",
          "id": 1469,
          "meaning": "Vegetable",
          "reading": "さい",
        },
        {
          "characters": "探",
          "id": 1477,
          "meaning": "Look For",
          "reading": "たん",
        },
        {
          "characters": "採",
          "id": 1484,
          "meaning": "Gather",
          "reading": "さい",
        },
        {
          "characters": "桜",
          "id": 1485,
          "meaning": "Sakura",
          "reading": "さくら",
        },
        {
          "characters": "雑",
          "id": 1494,
          "meaning": "Random",
          "reading": "ざつ",
        },
        {
          "characters": "机",
          "id": 1509,
          "meaning": "Desk",
          "reading": "つくえ",
        },
        {
          "characters": "染",
          "id": 1512,
          "meaning": "Dye",
          "reading": "せん",
        },
        {
          "characters": "枝",
          "id": 1574,
          "meaning": "Branch",
          "reading": "えだ",
        },
        {
          "characters": "杉",
          "id": 1596,
          "meaning": "Cedar",
          "reading": "すぎ",
        },
        {
          "characters": "核",
          "id": 1626,
          "meaning": "Nucleus",
          "reading": "かく",
        },
        {
          "characters": "棋",
          "id": 1716,
          "meaning": "Chess Piece",
          "reading": "き",
        },
        {
          "characters": "枠",
          "id": 1731,
          "meaning": "Frame",
          "reading": "わく",
        },
        {
          "characters": "柱",
          "id": 1745,
          "meaning": "Pillar",
          "reading": "ちゅう",
        },
        {
          "characters": "樹",
          "id": 1782,
          "meaning": "Wood",
          "reading": "じゅ",
        },
        {
          "characters": "床",
          "id": 1810,
          "meaning": "Floor",
          "reading": "ゆか",
        },
        {
          "characters": "析",
          "id": 1820,
          "meaning": "Analysis",
          "reading": "せき",
        },
        {
          "characters": "枢",
          "id": 1821,
          "meaning": "Hinge",
          "reading": "すう",
        },
        {
          "characters": "柄",
          "id": 1823,
          "meaning": "Pattern",
          "reading": "がら",
        },
        {
          "characters": "摩",
          "id": 1859,
          "meaning": "Chafe",
          "reading": "ま",
        },
        {
          "characters": "柔",
          "id": 1864,
          "meaning": "Gentle",
          "reading": "じゅう",
        },
        {
          "characters": "桃",
          "id": 1879,
          "meaning": "Peach",
          "reading": "もも",
        },
        {
          "characters": "梨",
          "id": 1889,
          "meaning": "Pear",
          "reading": "なし",
        },
        {
          "characters": "棚",
          "id": 1900,
          "meaning": "Shelf",
          "reading": "たな",
        },
        {
          "characters": "暦",
          "id": 1921,
          "meaning": "Calendar",
          "reading": "れき",
        },
        {
          "characters": "磨",
          "id": 1929,
          "meaning": "Polish",
          "reading": "みが",
        },
        {
          "characters": "魔",
          "id": 1945,
          "meaning": "Devil",
          "reading": "ま",
        },
        {
          "characters": "棟",
          "id": 1948,
          "meaning": "Building",
          "reading": "とう",
        },
        {
          "characters": "椅",
          "id": 1952,
          "meaning": "Chair",
          "reading": "い",
        },
        {
          "characters": "架",
          "id": 1976,
          "meaning": "Shelf",
          "reading": "か",
        },
        {
          "characters": "柳",
          "id": 1983,
          "meaning": "Willow",
          "reading": "りゅう",
        },
        {
          "characters": "霜",
          "id": 2020,
          "meaning": "Frost",
          "reading": "しも",
        },
        {
          "characters": "彩",
          "id": 2028,
          "meaning": "Coloring",
          "reading": "さい",
        },
        {
          "characters": "麻",
          "id": 2036,
          "meaning": "Hemp",
          "reading": "ま",
        },
        {
          "characters": "礎",
          "id": 2057,
          "meaning": "Foundation",
          "reading": "そ",
        },
        {
          "characters": "概",
          "id": 2064,
          "meaning": "Approximation",
          "reading": "がい",
        },
        {
          "characters": "謀",
          "id": 2069,
          "meaning": "Conspire",
          "reading": "ぼう",
        },
        {
          "characters": "桑",
          "id": 2075,
          "meaning": "Mulberry",
          "reading": "くわ",
        },
        {
          "characters": "鬱",
          "id": 2090,
          "meaning": "Gloom",
          "reading": "うつ",
        },
        {
          "characters": "枯",
          "id": 2124,
          "meaning": "Wither",
          "reading": "こ",
        },
        {
          "characters": "襟",
          "id": 2149,
          "meaning": "Collar",
          "reading": "えり",
        },
        {
          "characters": "欄",
          "id": 2234,
          "meaning": "Column",
          "reading": "らん",
        },
        {
          "characters": "呆",
          "id": 2251,
          "meaning": "Shock",
          "reading": "ほう",
        },
        {
          "characters": "杏",
          "id": 2257,
          "meaning": "Apricot",
          "reading": "あんず",
        },
        {
          "characters": "栞",
          "id": 2259,
          "meaning": "Bookmark",
          "reading": "しおり",
        },
        {
          "characters": "朴",
          "id": 2264,
          "meaning": "Simple",
          "reading": "ぼく",
        },
        {
          "characters": "栃",
          "id": 2265,
          "meaning": "Horse Chestnut",
          "reading": "とち",
        },
        {
          "characters": "栓",
          "id": 2289,
          "meaning": "Cork",
          "reading": "せん",
        },
        {
          "characters": "蝶",
          "id": 2322,
          "meaning": "Butterfly",
          "reading": "ちょう",
        },
        {
          "characters": "柴",
          "id": 2329,
          "meaning": "Brushwood",
          "reading": "しば",
        },
        {
          "characters": "槽",
          "id": 2334,
          "meaning": "Tank",
          "reading": "そう",
        },
        {
          "characters": "楓",
          "id": 2360,
          "meaning": "Maple",
          "reading": "かえで",
        },
        {
          "characters": "朽",
          "id": 2375,
          "meaning": "Rot",
          "reading": "きゅう",
        },
        {
          "characters": "媒",
          "id": 2379,
          "meaning": "Mediator",
          "reading": "ばい",
        },
        {
          "characters": "椎",
          "id": 2383,
          "meaning": "Spine",
          "reading": "つい",
        },
        {
          "characters": "傑",
          "id": 2393,
          "meaning": "Greatness",
          "reading": "けつ",
        },
        {
          "characters": "漆",
          "id": 2410,
          "meaning": "Lacquer",
          "reading": "しつ",
        },
        {
          "characters": "閑",
          "id": 2418,
          "meaning": "Leisure",
          "reading": "かん",
        },
        {
          "characters": "梓",
          "id": 2433,
          "meaning": "Japanese Birch",
          "reading": "あずさ",
        },
        {
          "characters": "桟",
          "id": 2453,
          "meaning": "Jetty",
          "reading": "さん",
        },
        {
          "characters": "某",
          "id": 2458,
          "meaning": "Certain",
          "reading": "ぼう",
        },
        {
          "characters": "膝",
          "id": 8861,
          "meaning": "Knee",
          "reading": "ひざ",
        },
        {
          "characters": "喋",
          "id": 8910,
          "meaning": "Chat",
          "reading": "しゃべ",
        },
        {
          "characters": "柵",
          "id": 8965,
          "meaning": "Fence",
          "reading": "さく",
        },
      ],
      "id": 23,
      "level": 1,
      "meaningMnemonic": "Do you see the <radical>tree</radical> in here? It has branches, and then it has the foliage coming down diagonally from it, spreading out like a tree would. That's why this radical is a tree.",
      "meanings": [
        {
          "accepted_answer": true,
          "meaning": "Tree",
          "primary": true,
        },
      ],
      "mnemonicImageUrl": null,
      "object": "radical",
      "slug": "tree",
      "studyMaterial": null,
    },
    {
      "amalgamationSubjectIds": [
        471,
        472,
        522,
        565,
        658,
        666,
        897,
        969,
        1091,
        1397,
        1449,
        1542,
        1654,
        1770,
        1987,
        2062,
        2078,
        2151,
        2160,
        2325,
        2439,
        9012,
      ],
      "auxiliaryMeanings": [],
      "characterImages": [
        {
          "content_type": "image/png",
          "metadata": {
            "color": "#000000",
            "dimensions": "1024x1024",
            "style_name": "original",
          },
          "url": "https://files.wanikani.com/2dp86lo99i5jpzwenjdbn5s8hzeu",
        },
        {
          "content_type": "image/png",
          "metadata": {
            "color": "#000000",
            "dimensions": "1024x1024",
            "style_name": "1024px",
          },
          "url": "https://files.wanikani.com/ah145fbe2b65m6r8w7pgo52eypkv",
        },
        {
          "content_type": "image/png",
          "metadata": {
            "color": "#000000",
            "dimensions": "512x512",
            "style_name": "512px",
          },
          "url": "https://files.wanikani.com/qv2eo3yo71wrs9z6zg53qrh6a5ew",
        },
        {
          "content_type": "image/png",
          "metadata": {
            "color": "#000000",
            "dimensions": "256x256",
            "style_name": "256px",
          },
          "url": "https://files.wanikani.com/oomr8vpgz23kl4wnane3o1oz9cwb",
        },
        {
          "content_type": "image/png",
          "metadata": {
            "color": "#000000",
            "dimensions": "128x128",
            "style_name": "128px",
          },
          "url": "https://files.wanikani.com/yg4o7q72dy91w2i8wd0ghs5qbsjv",
        },
        {
          "content_type": "image/png",
          "metadata": {
            "color": "#000000",
            "dimensions": "64x64",
            "style_name": "64px",
          },
          "url": "https://files.wanikani.com/vnxcbv1dz0ln4l3be70okoq6pgq9",
        },
        {
          "content_type": "image/png",
          "metadata": {
            "color": "#000000",
            "dimensions": "32x32",
            "style_name": "32px",
          },
          "url": "https://files.wanikani.com/bnlflstqdvj2bnwuglkx4fd9b0a2",
        },
        {
          "content_type": "image/svg+xml",
          "metadata": {
            "inline_styles": true,
          },
          "url": "https://files.wanikani.com/5mbbf9psg8fuhnoq3hx1d9uzffok",
        },
      ],
      "characters": "亠",
      "documentUrl": "https://www.wanikani.com/radicals/lid",
      "foundInKanji": [
        {
          "characters": "六",
          "id": 471,
          "meaning": "Six",
          "reading": "ろく",
        },
        {
          "characters": "円",
          "id": 472,
          "meaning": "Yen",
          "reading": "えん",
        },
        {
          "characters": "市",
          "id": 522,
          "meaning": "City",
          "reading": "し",
        },
        {
          "characters": "交",
          "id": 565,
          "meaning": "Mix",
          "reading": "こう",
        },
        {
          "characters": "校",
          "id": 658,
          "meaning": "School",
          "reading": "こう",
        },
        {
          "characters": "高",
          "id": 666,
          "meaning": "Tall",
          "reading": "こう",
        },
        {
          "characters": "卒",
          "id": 897,
          "meaning": "Graduate",
          "reading": "そつ",
        },
        {
          "characters": "幸",
          "id": 969,
          "meaning": "Happiness",
          "reading": "こう",
        },
        {
          "characters": "率",
          "id": 1091,
          "meaning": "Percent",
          "reading": "りつ",
        },
        {
          "characters": "航",
          "id": 1397,
          "meaning": "Navigation",
          "reading": "こう",
        },
        {
          "characters": "豪",
          "id": 1449,
          "meaning": "Exceptional",
          "reading": "ごう",
        },
        {
          "characters": "裏",
          "id": 1542,
          "meaning": "Backside",
          "reading": "うら",
        },
        {
          "characters": "抗",
          "id": 1654,
          "meaning": "Confront",
          "reading": "こう",
        },
        {
          "characters": "褒",
          "id": 1770,
          "meaning": "Praise",
          "reading": "ほう",
        },
        {
          "characters": "哀",
          "id": 1987,
          "meaning": "Pathetic",
          "reading": "あい",
        },
        {
          "characters": "壇",
          "id": 2062,
          "meaning": "Podium",
          "reading": "だん",
        },
        {
          "characters": "衰",
          "id": 2078,
          "meaning": "Decline",
          "reading": "すい",
        },
        {
          "characters": "亮",
          "id": 2151,
          "meaning": "Clear",
          "reading": "りょう",
        },
        {
          "characters": "擁",
          "id": 2160,
          "meaning": "Embrace",
          "reading": "よう",
        },
        {
          "characters": "凛",
          "id": 2325,
          "meaning": "Cold",
          "reading": "りん",
        },
        {
          "characters": "坑",
          "id": 2439,
          "meaning": "Pit",
          "reading": "こう",
        },
        {
          "characters": "冥",
          "id": 9012,
          "meaning": "Underworld",
          "reading": "めい",
        },
      ],
      "id": 8,
      "level": 1,
      "meaningMnemonic": "This looks like something you'd put on a kettle or a pot, right? It even has a little handle to make sure you don't burn yourself. This is some kind of <radical>lid</radical>.",
      "meanings": [
        {
          "accepted_answer": true,
          "meaning": "Lid",
          "primary": true,
        },
      ],
      "mnemonicImageUrl": null,
      "object": "radical",
      "slug": "lid",
      "studyMaterial": null,
    },
    {
      "amalgamationSubjectIds": [
        512,
        565,
        658,
      ],
      "auxiliaryMeanings": [
        {
          "meaning": "Dad",
          "type": "whitelist",
        },
        {
          "meaning": "Mother",
          "type": "blacklist",
        },
      ],
      "characterImages": [
        {
          "content_type": "image/svg+xml",
          "metadata": {
            "inline_styles": true,
          },
          "url": "https://files.wanikani.com/3ub8r4ice0rz8wimz5botecushiu",
        },
        {
          "content_type": "image/png",
          "metadata": {
            "color": "#000000",
            "dimensions": "1024x1024",
            "style_name": "original",
          },
          "url": "https://files.wanikani.com/cbfenpxgyoh9osc2mmuplcmhwkot",
        },
        {
          "content_type": "image/png",
          "metadata": {
            "color": "#000000",
            "dimensions": "1024x1024",
            "style_name": "1024px",
          },
          "url": "https://files.wanikani.com/59o6dou54e6i4smr7d6zeukgy3tc",
        },
        {
          "content_type": "image/png",
          "metadata": {
            "color": "#000000",
            "dimensions": "512x512",
            "style_name": "512px",
          },
          "url": "https://files.wanikani.com/vdj40dyys3wcw0le244q0p6zhbtb",
        },
        {
          "content_type": "image/png",
          "metadata": {
            "color": "#000000",
            "dimensions": "256x256",
            "style_name": "256px",
          },
          "url": "https://files.wanikani.com/yfav8r8e8andbx7dkefv66mre3k8",
        },
        {
          "content_type": "image/png",
          "metadata": {
            "color": "#000000",
            "dimensions": "128x128",
            "style_name": "128px",
          },
          "url": "https://files.wanikani.com/4z3hi0sp3e0ds0urti0kujmi3xex",
        },
        {
          "content_type": "image/png",
          "metadata": {
            "color": "#000000",
            "dimensions": "64x64",
            "style_name": "64px",
          },
          "url": "https://files.wanikani.com/2xy1fouhy9im9mkktfthx30ecvck",
        },
        {
          "content_type": "image/png",
          "metadata": {
            "color": "#000000",
            "dimensions": "32x32",
            "style_name": "32px",
          },
          "url": "https://files.wanikani.com/9h3chv8zdzvyabqvhmkxsjj25ohw",
        },
      ],
      "characters": "父",
      "documentUrl": "https://www.wanikani.com/radicals/father",
      "foundInKanji": [
        {
          "characters": "父",
          "id": 512,
          "meaning": "Father",
          "reading": "ちち",
        },
        {
          "characters": "交",
          "id": 565,
          "meaning": "Mix",
          "reading": "こう",
        },
        {
          "characters": "校",
          "id": 658,
          "meaning": "School",
          "reading": "こう",
        },
      ],
      "id": 68,
      "level": 3,
      "meaningMnemonic": "This is the <radical>father</radical> radical, since you can see a very fatherly face in it — two droopy eyes at the top, a big nose in the middle, and a mustache flaring out at the bottom. Sort of a generic older gentleman father-type face, isn't it?",
      "meanings": [
        {
          "accepted_answer": true,
          "meaning": "Father",
          "primary": true,
        },
      ],
      "mnemonicImageUrl": null,
      "object": "radical",
      "slug": "father",
      "studyMaterial": null,
    },
  ],
  "componentSubjectIds": [
    23,
    8,
    68,
  ],
  "documentUrl": "https://www.wanikani.com/kanji/%E6%A0%A1",
  "foundInVocabulary": [
    {
      "characters": "高校",
      "id": 2950,
      "meaning": "High School",
      "reading": "こうこう",
    },
    {
      "characters": "学校",
      "id": 2951,
      "meaning": "School",
      "reading": "がっこう",
    },
    {
      "characters": "小学校",
      "id": 3469,
      "meaning": "Elementary School",
      "reading": "しょうがっこう",
    },
    {
      "characters": "高校生",
      "id": 3473,
      "meaning": "High School Student",
      "reading": "こうこうせい",
    },
    {
      "characters": "中学校",
      "id": 3474,
      "meaning": "Middle School",
      "reading": "ちゅうがっこう",
    },
    {
      "characters": "校閲",
      "id": 8428,
      "meaning": "Revision",
      "reading": "こうえつ",
    },
    {
      "characters": "高等学校",
      "id": 8711,
      "meaning": "Senior High School",
      "reading": "こうとうがっこう",
    },
  ],
  "id": 658,
  "level": 7,
  "meaningHint": "He goes on to explain that he changed your school to here because there is a tree to block the satellite's view. Also, he wears a tin foil lid on his head so they can't track him. The regular school was no good because "they were watching." So now you have this new school, taught under a tree by your father who's wearing a lid on his head.",
  "meaningMnemonic": "Next to the <radical>tree</radical>, a <radical>lid</radical> is put on your <radical>father</radical>. "Hello child," he says. "This is your new <kanji>school</kanji>." ",
  "meanings": [
    {
      "accepted_answer": true,
      "meaning": "School",
      "primary": true,
    },
  ],
  "object": "kanji",
  "readingHint": "On your first day of school, imagine walking under the tree and seeing all your classmates. They're all こういち–similar to each other, but with some variation. Your father explains these こういちs escaped from a government research facility, and they come to this school to receive a better education.  "These poor こういちs need a school that will teach them more than just kanji and Japanese vocabulary."",
  "readingMnemonic": "Your new <kanji>school</kanji> has other students too. They are all <reading>こう</reading>いちs, though.",
  "readings": [
    {
      "accepted_answer": true,
      "primary": true,
      "reading": "こう",
      "type": "onyomi",
    },
  ],
  "slug": "校",
  "studyMaterial": null,
  "visuallySimilarKanji": [
    {
      "characters": "交",
      "id": 565,
      "meaning": "Mix",
      "reading": "こう",
    },
    {
      "characters": "枚",
      "id": 1051,
      "meaning": "Flat Object Counter",
      "reading": "まい",
    },
    {
      "characters": "効",
      "id": 1267,
      "meaning": "Effective",
      "reading": "こう",
    },
    {
      "characters": "絞",
      "id": 1275,
      "meaning": "Strangle",
      "reading": "こう",
    },
    {
      "characters": "較",
      "id": 1287,
      "meaning": "Contrast",
      "reading": "かく",
    },
    {
      "characters": "郊",
      "id": 2135,
      "meaning": "Suburbs",
      "reading": "こう",
    },
  ],
  "visuallySimilarSubjectIds": [
    565,
    1051,
    1267,
    1275,
    1287,
    2135,
  ],
}
`;
