// Bun Snapshot v1, https://bun.sh/docs/test/snapshots

exports[`getRadical returns enriched radical for known id (一, id=1) 1`] = `
{
  "amalgamationSubjectIds": [
    440,
    449,
    450,
    451,
    468,
    488,
    495,
    531,
    533,
    568,
    590,
    609,
    633,
    635,
    709,
    710,
    724,
    783,
    808,
    885,
    913,
    932,
    965,
    971,
    1000,
    1020,
    1085,
    1119,
    1126,
    1137,
    1178,
    1198,
    1241,
    1249,
    1310,
    1326,
    1340,
    1367,
    1372,
    1376,
    1379,
    1428,
    1431,
    1463,
    1491,
    1521,
    1559,
    1591,
    1655,
    1769,
    1851,
    1855,
    1869,
    1888,
    2085,
    2104,
    2128,
    2138,
    2148,
    2171,
    2172,
    2182,
    2212,
    2277,
    2334,
    2375,
    2419,
    2437,
  ],
  "auxiliaryMeanings": [],
  "characterImages": [
    {
      "content_type": "image/svg+xml",
      "metadata": {
        "inline_styles": true,
      },
      "url": "https://files.wanikani.com/wahfwljxcm2sxrvl4ehldujuh65v",
    },
    {
      "content_type": "image/png",
      "metadata": {
        "color": "#000000",
        "dimensions": "1024x1024",
        "style_name": "original",
      },
      "url": "https://files.wanikani.com/4lxmimfbwuvl07s11dq0f9til0mb",
    },
    {
      "content_type": "image/png",
      "metadata": {
        "color": "#000000",
        "dimensions": "1024x1024",
        "style_name": "1024px",
      },
      "url": "https://files.wanikani.com/3n3dlzyjjgou47qb4h4uewghcfcx",
    },
    {
      "content_type": "image/png",
      "metadata": {
        "color": "#000000",
        "dimensions": "512x512",
        "style_name": "512px",
      },
      "url": "https://files.wanikani.com/9d5fax4vrjp28vms1jb11ouu37vi",
    },
    {
      "content_type": "image/png",
      "metadata": {
        "color": "#000000",
        "dimensions": "256x256",
        "style_name": "256px",
      },
      "url": "https://files.wanikani.com/gfwzjl41i5v5oiwrsjz5zz957nww",
    },
    {
      "content_type": "image/png",
      "metadata": {
        "color": "#000000",
        "dimensions": "128x128",
        "style_name": "128px",
      },
      "url": "https://files.wanikani.com/m79ver1yfujpkcfa0bo5tcueuxk3",
    },
    {
      "content_type": "image/png",
      "metadata": {
        "color": "#000000",
        "dimensions": "64x64",
        "style_name": "64px",
      },
      "url": "https://files.wanikani.com/gcqkjhbw9aguieat8yrqxz09qszn",
    },
    {
      "content_type": "image/png",
      "metadata": {
        "color": "#000000",
        "dimensions": "32x32",
        "style_name": "32px",
      },
      "url": "https://files.wanikani.com/7czfgjlgsjxx8sndvfkezts6ugj1",
    },
  ],
  "characters": "一",
  "documentUrl": "https://www.wanikani.com/radicals/ground",
  "foundInKanji": [
    {
      "characters": "一",
      "id": 440,
      "meaning": "One",
      "reading": "いち",
    },
    {
      "characters": "三",
      "id": 449,
      "meaning": "Three",
      "reading": "さん",
    },
    {
      "characters": "上",
      "id": 450,
      "meaning": "Above",
      "reading": "じょう",
    },
    {
      "characters": "下",
      "id": 451,
      "meaning": "Below",
      "reading": "か",
    },
    {
      "characters": "才",
      "id": 468,
      "meaning": "Talent",
      "reading": "さい",
    },
    {
      "characters": "正",
      "id": 488,
      "meaning": "Correct",
      "reading": "せい",
    },
    {
      "characters": "万",
      "id": 495,
      "meaning": "Ten Thousand",
      "reading": "まん",
    },
    {
      "characters": "写",
      "id": 531,
      "meaning": "Copy",
      "reading": "しゃ",
    },
    {
      "characters": "号",
      "id": 533,
      "meaning": "Number",
      "reading": "ごう",
    },
    {
      "characters": "同",
      "id": 568,
      "meaning": "Same",
      "reading": "どう",
    },
    {
      "characters": "来",
      "id": 590,
      "meaning": "Come",
      "reading": "らい",
    },
    {
      "characters": "両",
      "id": 609,
      "meaning": "Both",
      "reading": "りょう",
    },
    {
      "characters": "前",
      "id": 633,
      "meaning": "Front",
      "reading": "ぜん",
    },
    {
      "characters": "室",
      "id": 635,
      "meaning": "Room",
      "reading": "しつ",
    },
    {
      "characters": "使",
      "id": 709,
      "meaning": "Use",
      "reading": "し",
    },
    {
      "characters": "具",
      "id": 710,
      "meaning": "Tool",
      "reading": "ぐ",
    },
    {
      "characters": "屋",
      "id": 724,
      "meaning": "Roof",
      "reading": "や",
    },
    {
      "characters": "低",
      "id": 783,
      "meaning": "Low",
      "reading": "てい",
    },
    {
      "characters": "便",
      "id": 808,
      "meaning": "Convenience",
      "reading": "べん",
    },
    {
      "characters": "輪",
      "id": 885,
      "meaning": "Wheel",
      "reading": "りん",
    },
    {
      "characters": "求",
      "id": 913,
      "meaning": "Request",
      "reading": "きゅう",
    },
    {
      "characters": "昼",
      "id": 932,
      "meaning": "Noon",
      "reading": "ひる",
    },
    {
      "characters": "係",
      "id": 965,
      "meaning": "Connection",
      "reading": "けい",
    },
    {
      "characters": "真",
      "id": 971,
      "meaning": "Reality",
      "reading": "しん",
    },
    {
      "characters": "兵",
      "id": 1000,
      "meaning": "Soldier",
      "reading": "へい",
    },
    {
      "characters": "底",
      "id": 1020,
      "meaning": "Bottom",
      "reading": "そこ",
    },
    {
      "characters": "善",
      "id": 1085,
      "meaning": "Morally Good",
      "reading": "ぜん",
    },
    {
      "characters": "論",
      "id": 1119,
      "meaning": "Theory",
      "reading": "ろん",
    },
    {
      "characters": "挙",
      "id": 1126,
      "meaning": "Raise",
      "reading": "きょ",
    },
    {
      "characters": "岡",
      "id": 1137,
      "meaning": "Hill",
      "reading": "おか",
    },
    {
      "characters": "域",
      "id": 1178,
      "meaning": "Region",
      "reading": "いき",
    },
    {
      "characters": "師",
      "id": 1198,
      "meaning": "Teacher",
      "reading": "し",
    },
    {
      "characters": "武",
      "id": 1241,
      "meaning": "Military",
      "reading": "ぶ",
    },
    {
      "characters": "与",
      "id": 1249,
      "meaning": "Give",
      "reading": "よ",
    },
    {
      "characters": "再",
      "id": 1310,
      "meaning": "Again",
      "reading": "さ",
    },
    {
      "characters": "惑",
      "id": 1326,
      "meaning": "Misguided",
      "reading": "わく",
    },
    {
      "characters": "極",
      "id": 1340,
      "meaning": "Extreme",
      "reading": "きょく",
    },
    {
      "characters": "益",
      "id": 1367,
      "meaning": "Benefit",
      "reading": "えき",
    },
    {
      "characters": "並",
      "id": 1372,
      "meaning": "Line Up",
      "reading": "へい",
    },
    {
      "characters": "浜",
      "id": 1376,
      "meaning": "Beach",
      "reading": "はま",
    },
    {
      "characters": "監",
      "id": 1379,
      "meaning": "Oversee",
      "reading": "かん",
    },
    {
      "characters": "覧",
      "id": 1428,
      "meaning": "Look At",
      "reading": "らん",
    },
    {
      "characters": "更",
      "id": 1431,
      "meaning": "Renew",
      "reading": "こう",
    },
    {
      "characters": "帯",
      "id": 1463,
      "meaning": "Belt",
      "reading": "たい",
    },
    {
      "characters": "興",
      "id": 1491,
      "meaning": "Interest",
      "reading": "きょう",
    },
    {
      "characters": "宣",
      "id": 1521,
      "meaning": "Proclaim",
      "reading": "せん",
    },
    {
      "characters": "磁",
      "id": 1559,
      "meaning": "Magnet",
      "reading": "じ",
    },
    {
      "characters": "互",
      "id": 1591,
      "meaning": "Mutual",
      "reading": "ご",
    },
    {
      "characters": "抵",
      "id": 1655,
      "meaning": "Resist",
      "reading": "てい",
    },
    {
      "characters": "誉",
      "id": 1769,
      "meaning": "Honor",
      "reading": "よ",
    },
    {
      "characters": "垣",
      "id": 1851,
      "meaning": "Hedge",
      "reading": "かき",
    },
    {
      "characters": "岳",
      "id": 1855,
      "meaning": "Peak",
      "reading": "がく",
    },
    {
      "characters": "滋",
      "id": 1869,
      "meaning": "Nourishing",
      "reading": "じ",
    },
    {
      "characters": "丘",
      "id": 1888,
      "meaning": "Hill",
      "reading": "きゅう",
    },
    {
      "characters": "巧",
      "id": 2085,
      "meaning": "Adept",
      "reading": "こう",
    },
    {
      "characters": "后",
      "id": 2104,
      "meaning": "Empress",
      "reading": "こう",
    },
    {
      "characters": "瓶",
      "id": 2128,
      "meaning": "Bottle",
      "reading": "びん",
    },
    {
      "characters": "邸",
      "id": 2138,
      "meaning": "Residence",
      "reading": "てい",
    },
    {
      "characters": "慈",
      "id": 2148,
      "meaning": "Mercy",
      "reading": "じ",
    },
    {
      "characters": "恒",
      "id": 2171,
      "meaning": "Constant",
      "reading": "こう",
    },
    {
      "characters": "倫",
      "id": 2172,
      "meaning": "Ethics",
      "reading": "りん",
    },
    {
      "characters": "遭",
      "id": 2182,
      "meaning": "Encounter",
      "reading": "そう",
    },
    {
      "characters": "蒙",
      "id": 2212,
      "meaning": "Darkness",
      "reading": "もう",
    },
    {
      "characters": "賓",
      "id": 2277,
      "meaning": "VIP",
      "reading": "ひん",
    },
    {
      "characters": "槽",
      "id": 2334,
      "meaning": "Tank",
      "reading": "そう",
    },
    {
      "characters": "朽",
      "id": 2375,
      "meaning": "Rot",
      "reading": "きゅう",
    },
    {
      "characters": "曹",
      "id": 2419,
      "meaning": "Official",
      "reading": "そう",
    },
    {
      "characters": "寡",
      "id": 2437,
      "meaning": "Widow",
      "reading": "か",
    },
  ],
  "id": 1,
  "level": 1,
  "localStudyMaterial": {
    "meaning_note": "One flat line on the ground",
    "meaning_synonyms": [
      "flat ground",
    ],
  },
  "meaningMnemonic": "This radical consists of a single, horizontal stroke. What's the biggest, single, horizontal stroke? That's the <radical>ground</radical>. Look at the ground, look at this radical, now look at the ground again. Kind of the same, right?",
  "meanings": [
    {
      "accepted_answer": true,
      "meaning": "Ground",
      "primary": true,
    },
  ],
  "mnemonicImageUrl": "https://files.wanikani.com/test-ground-mnemonic-image",
  "object": "radical",
  "slug": "ground",
  "studyMaterial": null,
}
`;
