// Bun Snapshot v1, https://bun.sh/docs/test/snapshots

exports[`getVocabulary returns enriched vocabulary for known id (毎晩, id=3766) 1`] = `
{
  "auxiliaryMeanings": [
    {
      "meaning": "Every Evening",
      "type": "whitelist",
    },
  ],
  "characters": "毎晩",
  "componentKanji": [
    {
      "amalgamationSubjectIds": [
        2753,
        2758,
        2759,
        2760,
        3125,
        3766,
        7570,
        9091,
      ],
      "auxiliaryMeanings": [],
      "characters": "毎",
      "componentRadicals": [
        {
          "amalgamationSubjectIds": [
            546,
            572,
            640,
            816,
            830,
            1002,
            1007,
            1210,
            1379,
            1381,
            1417,
            1418,
            1428,
            1438,
            1499,
            1667,
            1698,
            2280,
            2332,
          ],
          "auxiliaryMeanings": [],
          "characterImages": [
            {
              "content_type": "image/svg+xml",
              "metadata": {
                "inline_styles": true,
              },
              "url": "https://files.wanikani.com/hz1r0trxcprt8t2tjbebgzchjpsz",
            },
            {
              "content_type": "image/png",
              "metadata": {
                "color": "#000000",
                "dimensions": "1024x1024",
                "style_name": "original",
              },
              "url": "https://files.wanikani.com/y5m5mgo3i4pxozah94p8xaxtkrpi",
            },
            {
              "content_type": "image/png",
              "metadata": {
                "color": "#000000",
                "dimensions": "1024x1024",
                "style_name": "1024px",
              },
              "url": "https://files.wanikani.com/hgxhigy9q69yo0m9suphn0oib0qo",
            },
            {
              "content_type": "image/png",
              "metadata": {
                "color": "#000000",
                "dimensions": "512x512",
                "style_name": "512px",
              },
              "url": "https://files.wanikani.com/9y7yk6t45y9kje972vg85vmvcbjp",
            },
            {
              "content_type": "image/png",
              "metadata": {
                "color": "#000000",
                "dimensions": "256x256",
                "style_name": "256px",
              },
              "url": "https://files.wanikani.com/3x54bny5nr8v9m9kqk79dl3uijsk",
            },
            {
              "content_type": "image/png",
              "metadata": {
                "color": "#000000",
                "dimensions": "128x128",
                "style_name": "128px",
              },
              "url": "https://files.wanikani.com/d46nytkvljtzj3hkay2yqf8fhv97",
            },
            {
              "content_type": "image/png",
              "metadata": {
                "color": "#000000",
                "dimensions": "64x64",
                "style_name": "64px",
              },
              "url": "https://files.wanikani.com/uhmrusv2hrvf62o5w94ys6y4fzha",
            },
            {
              "content_type": "image/png",
              "metadata": {
                "color": "#000000",
                "dimensions": "32x32",
                "style_name": "32px",
              },
              "url": "https://files.wanikani.com/boa9z7l6qd96aao45ed2nmlklof2",
            },
          ],
          "characters": "𠂉",
          "documentUrl": "https://www.wanikani.com/radicals/gun",
          "foundInKanji": [
            {
              "characters": "年",
              "id": 546,
              "meaning": "Year",
              "reading": "ねん",
            },
            {
              "characters": "毎",
              "id": 572,
              "meaning": "Every",
              "reading": "まい",
            },
            {
              "characters": "海",
              "id": 640,
              "meaning": "Sea",
              "reading": "かい",
            },
            {
              "characters": "旅",
              "id": 816,
              "meaning": "Trip",
              "reading": "りょ",
            },
            {
              "characters": "族",
              "id": 830,
              "meaning": "Tribe",
              "reading": "ぞく",
            },
            {
              "characters": "塩",
              "id": 1002,
              "meaning": "Salt",
              "reading": "しお",
            },
            {
              "characters": "梅",
              "id": 1007,
              "meaning": "Ume",
              "reading": "うめ",
            },
            {
              "characters": "施",
              "id": 1210,
              "meaning": "Carry Out",
              "reading": "し",
            },
            {
              "characters": "監",
              "id": 1379,
              "meaning": "Oversee",
              "reading": "かん",
            },
            {
              "characters": "乾",
              "id": 1381,
              "meaning": "Dry",
              "reading": "かん",
            },
            {
              "characters": "遊",
              "id": 1417,
              "meaning": "Play",
              "reading": "ゆう",
            },
            {
              "characters": "旗",
              "id": 1418,
              "meaning": "Flag",
              "reading": "き",
            },
            {
              "characters": "覧",
              "id": 1428,
              "meaning": "Look At",
              "reading": "らん",
            },
            {
              "characters": "飾",
              "id": 1438,
              "meaning": "Decorate",
              "reading": "しょく",
            },
            {
              "characters": "傷",
              "id": 1499,
              "meaning": "Wound",
              "reading": "しょう",
            },
            {
              "characters": "臨",
              "id": 1667,
              "meaning": "Look To",
              "reading": "りん",
            },
            {
              "characters": "称",
              "id": 1698,
              "meaning": "Title",
              "reading": "しょう",
            },
            {
              "characters": "弥",
              "id": 2280,
              "meaning": "Increasing",
              "reading": "や",
            },
            {
              "characters": "旋",
              "id": 2332,
              "meaning": "Rotation",
              "reading": "せん",
            },
          ],
          "id": 8762,
          "level": 1,
          "meaningMnemonic": "This looks a lot like a <radical>gun</radical> pointing to the right. You have a handle on the left, and the barrel pointing to the right. Imagine it hanging in a case on the wall in a museum.",
          "meanings": [
            {
              "accepted_answer": true,
              "meaning": "Gun",
              "primary": true,
            },
          ],
          "mnemonicImageUrl": null,
          "object": "radical",
          "slug": "gun",
          "studyMaterial": null,
        },
        {
          "amalgamationSubjectIds": [
            524,
            572,
            640,
            948,
            1007,
            1269,
            2156,
            8963,
          ],
          "auxiliaryMeanings": [],
          "characterImages": [
            {
              "content_type": "image/png",
              "metadata": {
                "color": "#000000",
                "dimensions": "1024x1024",
                "style_name": "original",
              },
              "url": "https://files.wanikani.com/k6yu3irw338bxbt5m5y4x3bw6z4x",
            },
            {
              "content_type": "image/png",
              "metadata": {
                "color": "#000000",
                "dimensions": "1024x1024",
                "style_name": "1024px",
              },
              "url": "https://files.wanikani.com/hkqgxjjg5e0o6keigrf0qy4cxjlr",
            },
            {
              "content_type": "image/png",
              "metadata": {
                "color": "#000000",
                "dimensions": "512x512",
                "style_name": "512px",
              },
              "url": "https://files.wanikani.com/h3adx0bmj5d0x76xecmj2jmvfocg",
            },
            {
              "content_type": "image/png",
              "metadata": {
                "color": "#000000",
                "dimensions": "256x256",
                "style_name": "256px",
              },
              "url": "https://files.wanikani.com/19yg0im8gmk6wprx3jevmbuvt0dr",
            },
            {
              "content_type": "image/png",
              "metadata": {
                "color": "#000000",
                "dimensions": "128x128",
                "style_name": "128px",
              },
              "url": "https://files.wanikani.com/03559z4c9hr5leuyi9brg2v9n6r7",
            },
            {
              "content_type": "image/png",
              "metadata": {
                "color": "#000000",
                "dimensions": "64x64",
                "style_name": "64px",
              },
              "url": "https://files.wanikani.com/zlzy15h0v8t4lmdx6ozc46czgpc9",
            },
            {
              "content_type": "image/png",
              "metadata": {
                "color": "#000000",
                "dimensions": "32x32",
                "style_name": "32px",
              },
              "url": "https://files.wanikani.com/7tyq1fei2myzo7z4kz64pmozsgkc",
            },
            {
              "content_type": "image/svg+xml",
              "metadata": {
                "inline_styles": true,
              },
              "url": "https://files.wanikani.com/qyfybshyup51buz27g1atta9kdpw",
            },
          ],
          "characters": "毋",
          "documentUrl": "https://www.wanikani.com/radicals/window",
          "foundInKanji": [
            {
              "characters": "母",
              "id": 524,
              "meaning": "Mother",
              "reading": "はは",
            },
            {
              "characters": "毎",
              "id": 572,
              "meaning": "Every",
              "reading": "まい",
            },
            {
              "characters": "海",
              "id": 640,
              "meaning": "Sea",
              "reading": "かい",
            },
            {
              "characters": "毒",
              "id": 948,
              "meaning": "Poison",
              "reading": "どく",
            },
            {
              "characters": "梅",
              "id": 1007,
              "meaning": "Ume",
              "reading": "うめ",
            },
            {
              "characters": "慣",
              "id": 1269,
              "meaning": "Accustomed",
              "reading": "かん",
            },
            {
              "characters": "貫",
              "id": 2156,
              "meaning": "Pierce",
              "reading": "かん",
            },
            {
              "characters": "苺",
              "id": 8963,
              "meaning": "Strawberry",
              "reading": "いちご",
            },
          ],
          "id": 107,
          "level": 3,
          "meaningMnemonic": "See the criss-cross in the almost-square shape? That's the frames of a big <radical>window</radical> you can look out of. It's not perfectly shaped like a rice field, it's more artistic. That's why this is a window and 田 is not.",
          "meanings": [
            {
              "accepted_answer": true,
              "meaning": "Window",
              "primary": true,
            },
          ],
          "mnemonicImageUrl": null,
          "object": "radical",
          "slug": "window",
          "studyMaterial": null,
        },
      ],
      "componentSubjectIds": [
        8762,
        107,
      ],
      "documentUrl": "https://www.wanikani.com/kanji/%E6%AF%8E",
      "foundInVocabulary": [
        {
          "characters": "毎回",
          "id": 2753,
          "meaning": "Every Time",
          "reading": "まいかい",
        },
        {
          "characters": "毎月",
          "id": 2758,
          "meaning": "Every Month",
          "reading": "まいつき",
        },
        {
          "characters": "毎日",
          "id": 2759,
          "meaning": "Every Day",
          "reading": "まいにち",
        },
        {
          "characters": "毎年",
          "id": 2760,
          "meaning": "Every Year",
          "reading": "まいとし",
        },
        {
          "characters": "毎度",
          "id": 3125,
          "meaning": "Each Time",
          "reading": "まいど",
        },
        {
          "characters": "毎晩",
          "id": 3766,
          "meaning": "Every Night",
          "reading": "まいばん",
        },
        {
          "characters": "毎朝",
          "id": 7570,
          "meaning": "Every Morning",
          "reading": "まいあさ",
        },
        {
          "characters": "〜毎に",
          "id": 9091,
          "meaning": "For Every",
          "reading": "ごとに",
        },
      ],
      "id": 572,
      "level": 5,
      "meaningHint": "Make sure you get every one, and don't miss any of them. Actually search around in your imagination for any more windows, because you want to stress it's important you hit each and every window with your gun.",
      "meaningMnemonic": "You have a <radical>gun</radical> and you see some <radical>windows</radical>. What do you think you're going to do with this gun? Of course, you're going to shoot the windows... <kanji>every</kanji> single one of them. <kanji>Each</kanji> and every one.",
      "meanings": [
        {
          "accepted_answer": true,
          "meaning": "Every",
          "primary": true,
        },
        {
          "accepted_answer": true,
          "meaning": "Each",
          "primary": false,
        },
      ],
      "object": "kanji",
      "readingHint": "Now you need to shoot every one of the mice that came through those broken windows. You can't let any survive. You have to get every last one out of here!!",
      "readingMnemonic": "Now that <kanji>every</kanji> window is broken, you feel pretty stupid because <reading>mi</reading>ce (まい) are pouring in through <kanji>each</kanji> one. You've made a way for mice to get into your house. That wasn't smart.",
      "readings": [
        {
          "accepted_answer": true,
          "primary": true,
          "reading": "まい",
          "type": "onyomi",
        },
        {
          "accepted_answer": false,
          "primary": false,
          "reading": "ごと",
          "type": "kunyomi",
        },
      ],
      "slug": "毎",
      "studyMaterial": null,
      "visuallySimilarKanji": [
        {
          "characters": "悔",
          "id": 2040,
          "meaning": "Regret",
          "reading": "かい",
        },
        {
          "characters": "敏",
          "id": 1757,
          "meaning": "Alert",
          "reading": "びん",
        },
        {
          "characters": "梅",
          "id": 1007,
          "meaning": "Ume",
          "reading": "うめ",
        },
        {
          "characters": "海",
          "id": 640,
          "meaning": "Sea",
          "reading": "かい",
        },
      ],
      "visuallySimilarSubjectIds": [
        2040,
        1757,
        1007,
        640,
      ],
    },
    {
      "amalgamationSubjectIds": [
        3764,
        3765,
        3766,
        3939,
        8503,
      ],
      "auxiliaryMeanings": [
        {
          "meaning": "Light",
          "type": "blacklist",
        },
        {
          "meaning": "Sunlight",
          "type": "blacklist",
        },
      ],
      "characters": "晩",
      "componentRadicals": [
        {
          "amalgamationSubjectIds": [
            476,
            547,
            549,
            605,
            606,
            638,
            662,
            695,
            701,
            774,
            792,
            797,
            838,
            842,
            864,
            872,
            893,
            931,
            932,
            933,
            947,
            958,
            961,
            962,
            992,
            1015,
            1067,
            1077,
            1078,
            1081,
            1112,
            1181,
            1251,
            1256,
            1279,
            1322,
            1331,
            1349,
            1404,
            1414,
            1416,
            1419,
            1441,
            1448,
            1508,
            1527,
            1611,
            1636,
            1644,
            1656,
            1665,
            1672,
            1746,
            1791,
            1819,
            1826,
            1863,
            1921,
            1922,
            1933,
            1994,
            2001,
            2019,
            2078,
            2095,
            2099,
            2100,
            2115,
            2131,
            2179,
            2182,
            2216,
            2237,
            2328,
            2334,
            2349,
            2387,
            2392,
            2419,
            2450,
            9012,
          ],
          "auxiliaryMeanings": [],
          "characterImages": [
            {
              "content_type": "image/png",
              "metadata": {
                "color": "#000000",
                "dimensions": "1024x1024",
                "style_name": "original",
              },
              "url": "https://files.wanikani.com/2mtfbv8tck5mpt5kdrpzv5iiwbi5",
            },
            {
              "content_type": "image/png",
              "metadata": {
                "color": "#000000",
                "dimensions": "1024x1024",
                "style_name": "1024px",
              },
              "url": "https://files.wanikani.com/kbjaf3uqc0icgrids3558gmnl46f",
            },
            {
              "content_type": "image/png",
              "metadata": {
                "color": "#000000",
                "dimensions": "512x512",
                "style_name": "512px",
              },
              "url": "https://files.wanikani.com/1a55wkv7llililtnljirjo0xqnoc",
            },
            {
              "content_type": "image/png",
              "metadata": {
                "color": "#000000",
                "dimensions": "256x256",
                "style_name": "256px",
              },
              "url": "https://files.wanikani.com/czktgu8kwwwp92jpnrxi2u9gyche",
            },
            {
              "content_type": "image/png",
              "metadata": {
                "color": "#000000",
                "dimensions": "128x128",
                "style_name": "128px",
              },
              "url": "https://files.wanikani.com/wvvt9dek5emaa8svjfagf202bh7q",
            },
            {
              "content_type": "image/png",
              "metadata": {
                "color": "#000000",
                "dimensions": "64x64",
                "style_name": "64px",
              },
              "url": "https://files.wanikani.com/48ag4oaapxx1nj51bu5sx3qy2p82",
            },
            {
              "content_type": "image/png",
              "metadata": {
                "color": "#000000",
                "dimensions": "32x32",
                "style_name": "32px",
              },
              "url": "https://files.wanikani.com/9sh5odee6lhucfuay01mlgi8enaf",
            },
            {
              "content_type": "image/svg+xml",
              "metadata": {
                "inline_styles": true,
              },
              "url": "https://files.wanikani.com/77h8do2608tmx704vrij6iqw8jnd",
            },
          ],
          "characters": "日",
          "documentUrl": "https://www.wanikani.com/radicals/sun",
          "foundInKanji": [
            {
              "characters": "日",
              "id": 476,
              "meaning": "Sun",
              "reading": "にち",
            },
            {
              "characters": "早",
              "id": 547,
              "meaning": "Early",
              "reading": "そう",
            },
            {
              "characters": "百",
              "id": 549,
              "meaning": "Hundred",
              "reading": "ひゃく",
            },
            {
              "characters": "草",
              "id": 605,
              "meaning": "Grass",
              "reading": "くさ",
            },
            {
              "characters": "音",
              "id": 606,
              "meaning": "Sound",
              "reading": "おん",
            },
            {
              "characters": "星",
              "id": 638,
              "meaning": "Star",
              "reading": "せい",
            },
            {
              "characters": "時",
              "id": 662,
              "meaning": "Time",
              "reading": "じ",
            },
            {
              "characters": "朝",
              "id": 695,
              "meaning": "Morning",
              "reading": "あさ",
            },
            {
              "characters": "間",
              "id": 701,
              "meaning": "Interval",
              "reading": "かん",
            },
            {
              "characters": "最",
              "id": 774,
              "meaning": "Most",
              "reading": "さい",
            },
            {
              "characters": "昔",
              "id": 792,
              "meaning": "Long Ago",
              "reading": "むかし",
            },
            {
              "characters": "指",
              "id": 797,
              "meaning": "Finger",
              "reading": "し",
            },
            {
              "characters": "暑",
              "id": 838,
              "meaning": "Hot",
              "reading": "あつ",
            },
            {
              "characters": "温",
              "id": 842,
              "meaning": "Warm",
              "reading": "おん",
            },
            {
              "characters": "暗",
              "id": 864,
              "meaning": "Dark",
              "reading": "あん",
            },
            {
              "characters": "題",
              "id": 872,
              "meaning": "Topic",
              "reading": "だい",
            },
            {
              "characters": "映",
              "id": 893,
              "meaning": "Reflect",
              "reading": "えい",
            },
            {
              "characters": "春",
              "id": 931,
              "meaning": "Spring",
              "reading": "はる",
            },
            {
              "characters": "昼",
              "id": 932,
              "meaning": "Noon",
              "reading": "ひる",
            },
            {
              "characters": "晴",
              "id": 933,
              "meaning": "Clear Up",
              "reading": "は",
            },
            {
              "characters": "昨",
              "id": 947,
              "meaning": "Previous",
              "reading": "さく",
            },
            {
              "characters": "晩",
              "id": 958,
              "meaning": "Night",
              "reading": "ばん",
            },
            {
              "characters": "曜",
              "id": 961,
              "meaning": "Day Of The Week",
              "reading": "よう",
            },
            {
              "characters": "書",
              "id": 962,
              "meaning": "Write",
              "reading": "しょ",
            },
            {
              "characters": "冒",
              "id": 992,
              "meaning": "Dare",
              "reading": "ぼう",
            },
            {
              "characters": "是",
              "id": 1015,
              "meaning": "Absolutely",
              "reading": "ぜ",
            },
            {
              "characters": "昆",
              "id": 1067,
              "meaning": "Insect",
              "reading": "こん",
            },
            {
              "characters": "暴",
              "id": 1077,
              "meaning": "Violence",
              "reading": "ぼう",
            },
            {
              "characters": "混",
              "id": 1078,
              "meaning": "Mix",
              "reading": "こん",
            },
            {
              "characters": "得",
              "id": 1081,
              "meaning": "Acquire",
              "reading": "とく",
            },
            {
              "characters": "厚",
              "id": 1112,
              "meaning": "Thick",
              "reading": "あつ",
            },
            {
              "characters": "提",
              "id": 1181,
              "meaning": "Present",
              "reading": "てい",
            },
            {
              "characters": "影",
              "id": 1251,
              "meaning": "Shadow",
              "reading": "えい",
            },
            {
              "characters": "景",
              "id": 1256,
              "meaning": "Scene",
              "reading": "けい",
            },
            {
              "characters": "替",
              "id": 1279,
              "meaning": "Replace",
              "reading": "か",
            },
            {
              "characters": "暇",
              "id": 1322,
              "meaning": "Spare Time",
              "reading": "か",
            },
            {
              "characters": "昇",
              "id": 1331,
              "meaning": "Ascend",
              "reading": "しょう",
            },
            {
              "characters": "児",
              "id": 1349,
              "meaning": "Child",
              "reading": "じ",
            },
            {
              "characters": "宴",
              "id": 1404,
              "meaning": "Banquet",
              "reading": "えん",
            },
            {
              "characters": "渇",
              "id": 1414,
              "meaning": "Dry Up",
              "reading": "かわ",
            },
            {
              "characters": "婚",
              "id": 1416,
              "meaning": "Marriage",
              "reading": "こん",
            },
            {
              "characters": "照",
              "id": 1419,
              "meaning": "Illuminate",
              "reading": "しょう",
            },
            {
              "characters": "撮",
              "id": 1441,
              "meaning": "Photograph",
              "reading": "さつ",
            },
            {
              "characters": "普",
              "id": 1448,
              "meaning": "Normal",
              "reading": "ふ",
            },
            {
              "characters": "暖",
              "id": 1508,
              "meaning": "Warm",
              "reading": "だん",
            },
            {
              "characters": "暮",
              "id": 1527,
              "meaning": "Livelihood",
              "reading": "ぼ",
            },
            {
              "characters": "旧",
              "id": 1611,
              "meaning": "Former",
              "reading": "きゅう",
            },
            {
              "characters": "踏",
              "id": 1636,
              "meaning": "Step",
              "reading": "とう",
            },
            {
              "characters": "昭",
              "id": 1644,
              "meaning": "Shining",
              "reading": "しょう",
            },
            {
              "characters": "旬",
              "id": 1656,
              "meaning": "In Season",
              "reading": "しゅん",
            },
            {
              "characters": "香",
              "id": 1665,
              "meaning": "Fragrance",
              "reading": "こう",
            },
            {
              "characters": "掲",
              "id": 1672,
              "meaning": "Display",
              "reading": "けい",
            },
            {
              "characters": "唱",
              "id": 1746,
              "meaning": "Chant",
              "reading": "しょう",
            },
            {
              "characters": "潜",
              "id": 1791,
              "meaning": "Conceal",
              "reading": "せん",
            },
            {
              "characters": "暫",
              "id": 1819,
              "meaning": "Temporarily",
              "reading": "ざん",
            },
            {
              "characters": "潟",
              "id": 1826,
              "meaning": "Lagoon",
              "reading": "かた",
            },
            {
              "characters": "旨",
              "id": 1863,
              "meaning": "Point",
              "reading": "し",
            },
            {
              "characters": "暦",
              "id": 1921,
              "meaning": "Calendar",
              "reading": "れき",
            },
            {
              "characters": "曇",
              "id": 1922,
              "meaning": "Cloudy",
              "reading": "くも",
            },
            {
              "characters": "湿",
              "id": 1933,
              "meaning": "Damp",
              "reading": "しつ",
            },
            {
              "characters": "帽",
              "id": 1994,
              "meaning": "Hat",
              "reading": "ぼう",
            },
            {
              "characters": "挿",
              "id": 2001,
              "meaning": "Insert",
              "reading": "そう",
            },
            {
              "characters": "隙",
              "id": 2019,
              "meaning": "Crevice",
              "reading": "すき",
            },
            {
              "characters": "衰",
              "id": 2078,
              "meaning": "Decline",
              "reading": "すい",
            },
            {
              "characters": "漫",
              "id": 2095,
              "meaning": "Comic",
              "reading": "まん",
            },
            {
              "characters": "堰",
              "id": 2099,
              "meaning": "Dam",
              "reading": "せき",
            },
            {
              "characters": "堤",
              "id": 2100,
              "meaning": "Embankment",
              "reading": "てい",
            },
            {
              "characters": "晶",
              "id": 2115,
              "meaning": "Crystal",
              "reading": "しょう",
            },
            {
              "characters": "脂",
              "id": 2131,
              "meaning": "Fat",
              "reading": "し",
            },
            {
              "characters": "慢",
              "id": 2179,
              "meaning": "Overconfidence",
              "reading": "まん",
            },
            {
              "characters": "遭",
              "id": 2182,
              "meaning": "Encounter",
              "reading": "そう",
            },
            {
              "characters": "曙",
              "id": 2216,
              "meaning": "Dawn",
              "reading": "あけぼの",
            },
            {
              "characters": "顕",
              "id": 2237,
              "meaning": "Appear",
              "reading": "けん",
            },
            {
              "characters": "智",
              "id": 2328,
              "meaning": "Wisdom",
              "reading": "ち",
            },
            {
              "characters": "槽",
              "id": 2334,
              "meaning": "Tank",
              "reading": "そう",
            },
            {
              "characters": "喝",
              "id": 2349,
              "meaning": "Scold",
              "reading": "かつ",
            },
            {
              "characters": "譜",
              "id": 2387,
              "meaning": "Genealogy",
              "reading": "ふ",
            },
            {
              "characters": "暁",
              "id": 2392,
              "meaning": "Dawn",
              "reading": "あかつき",
            },
            {
              "characters": "曹",
              "id": 2419,
              "meaning": "Official",
              "reading": "そう",
            },
            {
              "characters": "殉",
              "id": 2450,
              "meaning": "Martyr",
              "reading": "じゅん",
            },
            {
              "characters": "冥",
              "id": 9012,
              "meaning": "Underworld",
              "reading": "めい",
            },
          ],
          "id": 22,
          "level": 1,
          "meaningMnemonic": "Since there are no circles in Japanese characters, sometimes rectangles or squares have to make do. In this case, this big rectangle is the <radical>sun</radical>. The middle line is a cloud, moving across the sun. Picture it, but don't actually look at the sun and burn your eyes!",
          "meanings": [
            {
              "accepted_answer": true,
              "meaning": "Sun",
              "primary": true,
            },
          ],
          "mnemonicImageUrl": null,
          "object": "radical",
          "slug": "sun",
          "studyMaterial": null,
        },
        {
          "amalgamationSubjectIds": [
            813,
            958,
            1722,
            2235,
          ],
          "auxiliaryMeanings": [],
          "characterImages": [
            {
              "content_type": "image/png",
              "metadata": {
                "color": "#000000",
                "dimensions": "1024x1024",
                "style_name": "original",
              },
              "url": "https://files.wanikani.com/1t1apjq4uoxvn9gqpbfae0bbrknb",
            },
            {
              "content_type": "image/png",
              "metadata": {
                "color": "#000000",
                "dimensions": "1024x1024",
                "style_name": "1024px",
              },
              "url": "https://files.wanikani.com/kykvdi4mntozqkrgk4xybb8ftx2e",
            },
            {
              "content_type": "image/png",
              "metadata": {
                "color": "#000000",
                "dimensions": "512x512",
                "style_name": "512px",
              },
              "url": "https://files.wanikani.com/fmp9lw2tymzjzvaaags7eag6qfdr",
            },
            {
              "content_type": "image/png",
              "metadata": {
                "color": "#000000",
                "dimensions": "256x256",
                "style_name": "256px",
              },
              "url": "https://files.wanikani.com/1z50nlksxdiwx436vqpadwwgje3r",
            },
            {
              "content_type": "image/png",
              "metadata": {
                "color": "#000000",
                "dimensions": "128x128",
                "style_name": "128px",
              },
              "url": "https://files.wanikani.com/rhswsdl3jjqxptbmcil8jgxm4hw3",
            },
            {
              "content_type": "image/png",
              "metadata": {
                "color": "#000000",
                "dimensions": "64x64",
                "style_name": "64px",
              },
              "url": "https://files.wanikani.com/js4g5ir8bnz0wx7jbzxxm3mtysxh",
            },
            {
              "content_type": "image/png",
              "metadata": {
                "color": "#000000",
                "dimensions": "32x32",
                "style_name": "32px",
              },
              "url": "https://files.wanikani.com/91hhcjxgino5l1v02hvmemkb6xh5",
            },
            {
              "content_type": "image/svg+xml",
              "metadata": {
                "inline_styles": true,
              },
              "url": "https://files.wanikani.com/i5w0x674outgwmd98ekhq0g3iq62",
            },
          ],
          "characters": "免",
          "documentUrl": "https://www.wanikani.com/radicals/excuse",
          "foundInKanji": [
            {
              "characters": "勉",
              "id": 813,
              "meaning": "Exertion",
              "reading": "べん",
            },
            {
              "characters": "晩",
              "id": 958,
              "meaning": "Night",
              "reading": "ばん",
            },
            {
              "characters": "免",
              "id": 1722,
              "meaning": "Excuse",
              "reading": "めん",
            },
            {
              "characters": "逸",
              "id": 2235,
              "meaning": "Deviate",
              "reading": "いつ",
            },
          ],
          "id": 208,
          "level": 12,
          "meaningMnemonic": "This radical consists of some legs carrying the sun out of prison. Those legs are yours. When the police stop you, though, what's your <radical>excuse</radical>? Come up with one and say it out loud, starting with, "My excuse is..."",
          "meanings": [
            {
              "accepted_answer": true,
              "meaning": "Excuse",
              "primary": true,
            },
          ],
          "mnemonicImageUrl": null,
          "object": "radical",
          "slug": "excuse",
          "studyMaterial": null,
        },
      ],
      "componentSubjectIds": [
        22,
        208,
      ],
      "documentUrl": "https://www.wanikani.com/kanji/%E6%99%A9",
      "foundInVocabulary": [
        {
          "characters": "晩",
          "id": 3764,
          "meaning": "Night",
          "reading": "ばん",
        },
        {
          "characters": "今晩は",
          "id": 3765,
          "meaning": "Good Evening",
          "reading": "こんばんは",
        },
        {
          "characters": "毎晩",
          "id": 3766,
          "meaning": "Every Night",
          "reading": "まいばん",
        },
        {
          "characters": "晩ご飯",
          "id": 3939,
          "meaning": "Dinner",
          "reading": "ばんごはん",
        },
        {
          "characters": "晩酌",
          "id": 8503,
          "meaning": "Evening Drink",
          "reading": "ばんしゃく",
        },
      ],
      "id": 958,
      "level": 15,
      "meaningHint": "Imagine you’re the sun, working all day. Of course you get tired. This is a good excuse to go to bed at night and get some rest. Feel how sore and hot and sweaty and exhausted you are after a hard day’s work of being the sun.",
      "meaningMnemonic": "The <radical>sun</radical> has an <radical>excuse</radical> for disappearing at <kanji>night</kanji>. The sun gets really tired, same as anyone else – so when night rolls around the sun excuses itself and goes to sleep. It’s a valid excuse.",
      "meanings": [
        {
          "accepted_answer": true,
          "meaning": "Night",
          "primary": true,
        },
        {
          "accepted_answer": true,
          "meaning": "Evening",
          "primary": false,
        },
      ],
      "object": "kanji",
      "readingHint": "Stop working so much! Humans need some rest too, so it can't always be bright. Maybe you should try some therapy. We all just want to see you get better, sun. Anyway, you're banned for now. Cya.",
      "readingMnemonic": "Unfortunately, you also have a history of overworking yourself, so you've been outright <reading>ban</reading>ned (ばん) from showing up at <kanji>night</kanji>.",
      "readings": [
        {
          "accepted_answer": true,
          "primary": true,
          "reading": "ばん",
          "type": "onyomi",
        },
      ],
      "slug": "晩",
      "studyMaterial": null,
      "visuallySimilarKanji": [
        {
          "characters": "免",
          "id": 1722,
          "meaning": "Excuse",
          "reading": "めん",
        },
        {
          "characters": "勉",
          "id": 813,
          "meaning": "Exertion",
          "reading": "べん",
        },
      ],
      "visuallySimilarSubjectIds": [
        1722,
        813,
      ],
    },
  ],
  "componentSubjectIds": [
    572,
    958,
  ],
  "conjugations": null,
  "contextSentences": [
    {
      "en": "He goes jogging every evening before dinner.",
      "ja": "彼は毎晩ジョギングをしてから夕食を食べます。",
      "reading": "かれはまいばんジョギングをしてからゆうしょくをたべます。",
    },
    {
      "en": "We relax every evening in the living room while watching TV.",
      "ja": "私たちは毎晩リビングでテレビを見ながらくつろぎます。",
    },
    {
      "en": "Of course, everyone is doing WaniKani every evening, right?",
      "ja": "もちろん、皆さんは毎晩ワニカニをしていますよね？",
    },
  ],
  "documentUrl": "https://www.wanikani.com/vocabulary/%E6%AF%8E%E6%99%A9",
  "id": 3766,
  "level": 15,
  "meaningMnemonic": "<kanji>Every</kanji> <kanji>night</kanji> is simply <vocabulary>every night</vocabulary>. What do you do every night?",
  "meanings": [
    {
      "accepted_answer": true,
      "meaning": "Every Night",
      "primary": true,
    },
    {
      "accepted_answer": true,
      "meaning": "Nightly",
      "primary": false,
    },
  ],
  "object": "vocabulary",
  "partsOfSpeech": [
    "noun",
  ],
  "pronunciationAudios": [
    {
      "content_type": "audio/webm",
      "metadata": {
        "gender": "female",
        "pronunciation": "まいばん",
        "source_id": 22297,
        "voice_actor_id": 1,
        "voice_actor_name": "Kyoko",
        "voice_description": "Tokyo accent",
      },
      "url": "https://files.wanikani.com/n41a0z3aoieoohu430poaw4ej7k3",
    },
    {
      "content_type": "audio/webm",
      "metadata": {
        "gender": "male",
        "pronunciation": "まいばん",
        "source_id": 3630,
        "voice_actor_id": 2,
        "voice_actor_name": "Kenichi",
        "voice_description": "Tokyo accent",
      },
      "url": "https://files.wanikani.com/g2epwkha5ok6cl7aswft7zpezfid",
    },
    {
      "content_type": "audio/mpeg",
      "metadata": {
        "gender": "male",
        "pronunciation": "まいばん",
        "source_id": 3630,
        "voice_actor_id": 2,
        "voice_actor_name": "Kenichi",
        "voice_description": "Tokyo accent",
      },
      "url": "https://files.wanikani.com/36hplw1sfiyvli9qte74vh7j3m0v",
    },
    {
      "content_type": "audio/mpeg",
      "metadata": {
        "gender": "female",
        "pronunciation": "まいばん",
        "source_id": 22297,
        "voice_actor_id": 1,
        "voice_actor_name": "Kyoko",
        "voice_description": "Tokyo accent",
      },
      "url": "https://files.wanikani.com/cd3snhjhzyhwxe8f5383it66kffk",
    },
  ],
  "readingMnemonic": "This is a jukugo word, which usually means on'yomi readings from the kanji. If you know the readings of your kanji you'll know how to read this as well.",
  "readings": [
    {
      "accepted_answer": true,
      "primary": true,
      "reading": "まいばん",
    },
  ],
  "slug": "毎晩",
  "studyMaterial": null,
}
`;

exports[`getKanaVocabulary returns enriched kana vocabulary (ここ, id=9209) 1`] = `
{
  "auxiliaryMeanings": [
    {
      "meaning": "Where",
      "type": "blacklist",
    },
    {
      "meaning": "There",
      "type": "blacklist",
    },
  ],
  "characters": "ここ",
  "contextSentences": [
    {
      "en": "Let's eat here!",
      "ja": "ここで食べよう！",
      "reading": "ここでたべよう！",
    },
    {
      "en": "If you're looking for your glasses, they're here.",
      "ja": "メガネなら、ここにあるよ。",
    },
    {
      "en": "Where am I? Who am I?",
      "ja": "ここはどこ？私はだれ？",
    },
  ],
  "documentUrl": "https://www.wanikani.com/vocabulary/%E3%81%93%E3%81%93",
  "id": 9209,
  "level": 8,
  "meaningMnemonic": "Remember how words beginning with こ are close to you? It ends with こ too, which is a clue that we’re talking about a place. So ここ means <vocabulary>here</vocabulary>.",
  "meanings": [
    {
      "accepted_answer": true,
      "meaning": "Here",
      "primary": true,
    },
  ],
  "object": "kana_vocabulary",
  "partsOfSpeech": [
    "noun",
    "pronoun",
    "こそあど word",
  ],
  "pronunciationAudios": [
    {
      "content_type": "audio/webm",
      "metadata": {
        "gender": "male",
        "pronunciation": "ここ",
        "source_id": 44759,
        "voice_actor_id": 2,
        "voice_actor_name": "Kenichi",
        "voice_description": "Tokyo accent",
      },
      "url": "https://files.wanikani.com/u1mrag6cdqth2akgrt8hld1jux83",
    },
    {
      "content_type": "audio/mpeg",
      "metadata": {
        "gender": "male",
        "pronunciation": "ここ",
        "source_id": 44759,
        "voice_actor_id": 2,
        "voice_actor_name": "Kenichi",
        "voice_description": "Tokyo accent",
      },
      "url": "https://files.wanikani.com/rjjlz3sqc4purhq9dpcnf2hyi4z1",
    },
    {
      "content_type": "audio/webm",
      "metadata": {
        "gender": "female",
        "pronunciation": "ここ",
        "source_id": 44700,
        "voice_actor_id": 1,
        "voice_actor_name": "Kyoko",
        "voice_description": "Tokyo accent",
      },
      "url": "https://files.wanikani.com/vxwmzbma9mec39m9vd3coshzaxir",
    },
    {
      "content_type": "audio/mpeg",
      "metadata": {
        "gender": "female",
        "pronunciation": "ここ",
        "source_id": 44700,
        "voice_actor_id": 1,
        "voice_actor_name": "Kyoko",
        "voice_description": "Tokyo accent",
      },
      "url": "https://files.wanikani.com/iood23uq9fag0n9lc11qayf7roqo",
    },
  ],
  "slug": "ここ",
  "studyMaterial": null,
}
`;
